[ 2026-09-15 21:51:24,437 ] 86 dagshub.auth.tokens - WARNING - The added token already exists in the token cache, skipping
[ 2026-09-15 21:51:25,474 ] 1025 httpx - INFO - HTTP Request: GET https://dagshub.com/api/v1/user "HTTP/1.1 200 OK"
[ 2026-09-15 21:51:25,500 ] 107 dagshub - INFO - Accessing as AnmolKumarKushwaha
[ 2026-09-15 21:51:26,497 ] 1025 httpx - INFO - HTTP Request: GET https://dagshub.com/api/v1/repos/AnmolKumarKushwaha/networksecurity-combined "HTTP/1.1 200 OK"
[ 2026-09-15 21:51:27,418 ] 1025 httpx - INFO - HTTP Request: GET https://dagshub.com/api/v1/user "HTTP/1.1 200 OK"
[ 2026-09-15 21:51:27,422 ] 107 dagshub - INFO - Initialized MLflow to track repo "AnmolKumarKushwaha/networksecurity-combined"
[ 2026-09-15 21:51:27,425 ] 107 dagshub - INFO - Repository AnmolKumarKushwaha/networksecurity-combined initialized!
[ 2026-09-15 21:54:01,981 ] 42 root - INFO - Start data Ingestion
[ 2026-09-15 21:54:06,131 ] 65 root - INFO - Performed train test split on the dataframe
[ 2026-09-15 21:54:06,131 ] 67 root - INFO - Exited split_data_as_train_test method of Data_Ingestion class
[ 2026-09-15 21:54:06,132 ] 75 root - INFO - Exporting train and test file path.
[ 2026-09-15 21:54:06,232 ] 84 root - INFO - Exported train and test file path.
[ 2026-09-15 21:54:06,235 ] 45 root - INFO - Data Ingestion completed and artifact: DataIngestionArtifact(trained_file_path='Artifacts\\09_15_2026_21_51_18\\data_ingestion\\ingested\\train.csv', test_file_path='Artifacts\\09_15_2026_21_51_18\\data_ingestion\\ingested\\test.csv')
[ 2026-09-15 21:54:06,258 ] 55 root - INFO - Initiate the data Validation
[ 2026-09-15 21:54:06,438 ] 32 root - INFO - Required number of columns:2
[ 2026-09-15 21:54:06,439 ] 33 root - INFO - Data frame has columns:31
[ 2026-09-15 21:54:06,439 ] 32 root - INFO - Required number of columns:2
[ 2026-09-15 21:54:06,439 ] 33 root - INFO - Data frame has columns:31
[ 2026-09-15 21:54:06,847 ] 63 root - INFO - Entered initiate_data_transformation method of DataTransformation class
[ 2026-09-15 21:54:06,847 ] 65 root - INFO - Starting data transformation
[ 2026-09-15 21:54:06,916 ] 48 root - INFO - Entered get_data_trnasformer_object method of Trnasformation class
[ 2026-09-15 21:54:06,921 ] 53 root - INFO - Initialise KNNImputer with {'missing_values': nan, 'n_neighbors': 3, 'weights': 'uniform'}
[ 2026-09-15 21:54:07,022 ] 46 root - INFO - Entered the save_object method of MainUtils class
[ 2026-09-15 21:54:07,033 ] 50 root - INFO - Exited the save_object method of MainUtils class
[ 2026-09-15 21:54:07,033 ] 46 root - INFO - Entered the save_object method of MainUtils class
[ 2026-09-15 21:54:07,035 ] 50 root - INFO - Exited the save_object method of MainUtils class
[ 2026-09-15 22:00:31,868 ] 74 root - INFO - Folder logged as artifacts!
[ 2026-09-15 22:00:31,875 ] 86 root - INFO - Folder logged as artifacts! :5f25d51696bc447384d144b50df5f7af
[ 2026-09-15 22:00:48,564 ] 74 root - INFO - Folder logged as artifacts!
[ 2026-09-15 22:01:48,277 ] 82 root - INFO - Model logged in mlflow model registry as NetworkSecurityModel
[ 2026-09-15 22:01:48,277 ] 86 root - INFO - Folder logged as artifacts! :d47bd15f58f34712b3e11643ab345e52
[ 2026-09-15 22:01:49,110 ] 46 root - INFO - Entered the save_object method of MainUtils class
[ 2026-09-15 22:01:49,169 ] 50 root - INFO - Exited the save_object method of MainUtils class
[ 2026-09-15 22:01:49,169 ] 46 root - INFO - Entered the save_object method of MainUtils class
[ 2026-09-15 22:01:49,216 ] 50 root - INFO - Exited the save_object method of MainUtils class
[ 2026-09-15 22:01:49,216 ] 199 root - INFO - Model trainer artifact: ModelTrainerArtifact(trained_model_file_path='Artifacts\\09_15_2026_21_51_18\\model_trainer\\trained_model\\model.pkl', train_metric_artifact=ClassificationMetricArtifact(f1_score=0.9918007895535985, precision_score=0.9896969696969697, recall_score=0.9939135727328059), test_metric_artifact=ClassificationMetricArtifact(f1_score=0.9699157641395909, precision_score=0.9557312252964427, recall_score=0.9845276872964169))
