[ 2025-10-28 19:05:51,877 ] 1025 httpx - INFO - HTTP Request: GET https://dagshub.com/api/v1/user "HTTP/1.1 200 OK"
[ 2025-10-28 19:05:51,890 ] 107 dagshub - INFO - Accessing as AnmolKumarKushwaha
[ 2025-10-28 19:05:52,998 ] 1025 httpx - INFO - HTTP Request: GET https://dagshub.com/api/v1/repos/AnmolKumarKushwaha/networksecurity-combined "HTTP/1.1 200 OK"
[ 2025-10-28 19:05:54,127 ] 1025 httpx - INFO - HTTP Request: GET https://dagshub.com/api/v1/user "HTTP/1.1 200 OK"
[ 2025-10-28 19:05:54,127 ] 107 dagshub - INFO - Initialized MLflow to track repo "AnmolKumarKushwaha/networksecurity-combined"
[ 2025-10-28 19:05:54,127 ] 107 dagshub - INFO - Repository AnmolKumarKushwaha/networksecurity-combined initialized!
[ 2025-10-28 19:07:14,398 ] 42 root - INFO - Start data Ingestion
[ 2025-10-28 19:07:17,190 ] 65 root - INFO - Performed train test split on the dataframe
[ 2025-10-28 19:07:17,190 ] 67 root - INFO - Exited split_data_as_train_test method of Data_Ingestion class
[ 2025-10-28 19:07:17,190 ] 75 root - INFO - Exporting train and test file path.
[ 2025-10-28 19:07:17,239 ] 84 root - INFO - Exported train and test file path.
[ 2025-10-28 19:07:17,239 ] 45 root - INFO - Data Ingestion completed and artifact: DataIngestionArtifact(trained_file_path='Artifacts\\10_28_2025_19_05_48\\data_ingestion\\ingested\\train.csv', test_file_path='Artifacts\\10_28_2025_19_05_48\\data_ingestion\\ingested\\test.csv')
[ 2025-10-28 19:07:17,253 ] 55 root - INFO - Initiate the data Validation
[ 2025-10-28 19:07:17,351 ] 32 root - INFO - Required number of columns:2
[ 2025-10-28 19:07:17,351 ] 33 root - INFO - Data frame has columns:31
[ 2025-10-28 19:07:17,351 ] 32 root - INFO - Required number of columns:2
[ 2025-10-28 19:07:17,351 ] 33 root - INFO - Data frame has columns:31
[ 2025-10-28 19:07:17,502 ] 63 root - INFO - Entered initiate_data_transformation method of DataTransformation class
[ 2025-10-28 19:07:17,502 ] 65 root - INFO - Starting data transformation
[ 2025-10-28 19:07:17,517 ] 48 root - INFO - Entered get_data_trnasformer_object method of Trnasformation class
[ 2025-10-28 19:07:17,517 ] 53 root - INFO - Initialise KNNImputer with {'missing_values': nan, 'n_neighbors': 3, 'weights': 'uniform'}
[ 2025-10-28 19:07:17,532 ] 46 root - INFO - Entered the save_object method of MainUtils class
[ 2025-10-28 19:07:17,532 ] 50 root - INFO - Exited the save_object method of MainUtils class
[ 2025-10-28 19:07:17,532 ] 46 root - INFO - Entered the save_object method of MainUtils class
[ 2025-10-28 19:07:17,532 ] 50 root - INFO - Exited the save_object method of MainUtils class
[ 2025-10-28 19:11:37,888 ] 67 root - INFO - Folder logged as artifacts!
[ 2025-10-28 19:11:37,888 ] 68 root - INFO - Folder logged as artifacts! :08f5393922d4418f8193b4c5bbd45328
[ 2025-10-28 19:11:48,748 ] 67 root - INFO - Folder logged as artifacts!
[ 2025-10-28 19:11:48,749 ] 68 root - INFO - Folder logged as artifacts! :0af3efd08b5640d6bd7abd77b5c00f9c
[ 2025-10-28 19:11:50,064 ] 46 root - INFO - Entered the save_object method of MainUtils class
[ 2025-10-28 19:11:50,066 ] 50 root - INFO - Exited the save_object method of MainUtils class
[ 2025-10-28 19:11:50,066 ] 46 root - INFO - Entered the save_object method of MainUtils class
[ 2025-10-28 19:11:50,151 ] 50 root - INFO - Exited the save_object method of MainUtils class
[ 2025-10-28 19:11:50,151 ] 181 root - INFO - Model trainer artifact: ModelTrainerArtifact(trained_model_file_path='Artifacts\\10_28_2025_19_05_48\\model_trainer\\trained_model\\model.pkl', train_metric_artifact=ClassificationMetricArtifact(f1_score=0.9914477703115455, precision_score=0.9896341463414634, recall_score=0.9932680538555692), test_metric_artifact=ClassificationMetricArtifact(f1_score=0.9746434231378764, precision_score=0.9692671394799054, recall_score=0.9800796812749004))
